---
source: beatlocker-server/tests/deletion.rs
expression: "res.json::<serde_json::Value>().await"
---
{
  "subsonic-response": {
    "artist": {
      "album": [
        {
          "artist": "Richard Bona",
          "artistId": "d094e9f8-a8e2-1737-0cfc-c4b24ab0aedf",
          "duration": 27,
          "id": "68bc272d-d36b-9191-b815-02627be8ea65",
          "name": "Tiki",
          "songCount": 1,
          "title": "Tiki"
        }
      ],
      "albumCount": 1,
      "id": "d094e9f8-a8e2-1737-0cfc-c4b24ab0aedf",
      "name": "Richard Bona",
      "song": [
        {
          "album": "Tiki",
          "albumId": "68bc272d-d36b-9191-b815-02627be8ea65",
          "artist": "Richard Bona",
          "artistId": "d094e9f8-a8e2-1737-0cfc-c4b24ab0aedf",
          "contentType": "audio/mp3",
          "created": "2020-02-02T00:00:00Z",
          "duration": 27,
          "genre": "World Music",
          "id": "53c42459-31c6-a4d6-bb12-ac6d1d2dfa23",
          "isDir": false,
          "isVideo": false,
          "parent": "322adc6c-e179-89e7-2e78-8dd857d93e3d",
          "size": 765952,
          "suffix": "mp3",
          "title": "Akwa Samba Yaya",
          "track": 2,
          "year": 2021
        }
      ]
    },
    "serverVersion": "unknown",
    "status": "ok",
    "type": "beatlocker",
    "version": "1.16.1"
  }
}
