---
source: beatlocker-server/tests/integration.rs
expression: "res.json::<serde_json::Value>().await"
---
{
  "subsonic-response": {
    "serverVersion": "unknown",
    "status": "ok",
    "type": "beatlocker",
    "version": "1.16.1"
  }
}
