---
source: beatlocker-server/tests/integration.rs
expression: "res.json::<serde_json::Value>().await"
---
{
  "subsonic-response": {
    "playlists": {
      "playlist": [
        {
          "created": "2020-02-02T00:00:00Z",
          "duration": 6,
          "id": "68f8b71b-d9b4-c77e-c7f1-e4af263bcd93",
          "name": "Motorway OST",
          "public": true,
          "songCount": 1
        },
        {
          "created": "2020-02-02T00:00:00Z",
          "duration": 6,
          "id": "7bb81eaa-b6a7-7f1d-7624-622193088eb6",
          "name": "MotorwayNested",
          "public": true,
          "songCount": 1
        },
        {
          "created": "2020-02-02T00:00:00Z",
          "duration": 12,
          "id": "75a22ef8-9597-4c55-9be1-097d94babc31",
          "name": "Richard Bona",
          "public": true,
          "songCount": 2
        },
        {
          "created": "2020-02-02T00:00:00Z",
          "duration": 6,
          "id": "de32d996-8297-d3a7-16be-4ff938ff212e",
          "name": "Unknown",
          "public": true,
          "songCount": 1
        }
      ]
    },
    "serverVersion": "unknown",
    "status": "ok",
    "type": "beatlocker",
    "version": "1.16.1"
  }
}
