---
source: lucid-server/tests/api.rs
assertion_line: 15
expression: "res.json::<serde_json::Value>().await"
---
{
  "subsonic-response": {
    "status": "ok",
    "version": "1.16.1"
  }
}
